/// Generated - Do Not Edit
namespace Static.Primitive
{
    using System;
    using System.Collections.Generic;
    using System.Text.Json.Serialization;
    using System.Threading.Tasks;
    using EventHorizon.Blazor.Interop;
    using EventHorizon.Blazor.Interop.Callbacks;
    using EventHorizon.Blazor.Interop.ResultCallbacks;
    using Microsoft.JSInterop;

    
    
    [JsonConverter(typeof(CachedEntityConverter<ExampleClass>))]
    public class ExampleClass : CachedEntityObject
    {
        #region Static Accessors

        #endregion

        #region Static Properties
        private static Vector3 __Vector3LogLevel;
        public static Vector3 Vector3LogLevel
        {
            get
            {
            if(__Vector3LogLevel == null)
            {
                __Vector3LogLevel = EventHorizonBlazorInterop.GetClass<Vector3>(
                    "Static",
                    "Primitive.ExampleClass.Vector3LogLevel",
                    (entity) =>
                    {
                        return new Vector3() { ___guid = entity.___guid };
                    }
                );
            }
            return __Vector3LogLevel;
            }
        }
        #endregion

        #region Static Methods

        #endregion

        #region Accessors

        #endregion

        #region Properties

        #endregion
        
        #region Constructor
        public ExampleClass() : base() { }

        public ExampleClass(
            ICachedEntity entity
        ) : base(entity)
        {
            ___guid = entity.___guid;
        }


        #endregion

        #region Methods

        #endregion
    }
}