/// Generated - Do Not Edit
namespace Static.Primitive
{
    using System;
    using System.Collections.Generic;
    using System.Text.Json.Serialization;
    using System.Threading.Tasks;
    using EventHorizon.Blazor.Interop;
    using EventHorizon.Blazor.Interop.Callbacks;
    using EventHorizon.Blazor.Interop.ResultCallbacks;
    using Microsoft.JSInterop;

    
    
    [JsonConverter(typeof(CachedEntityConverter<ExampleClass>))]
    public class ExampleClass : CachedEntityObject
    {
        #region Static Accessors

        #endregion

        #region Static Properties

        #endregion

        #region Static Methods

        #endregion

        #region Accessors
        
        public AbstractMesh[] surroundingMeshes
        {
            get
            {
            return EventHorizonBlazorInterop.GetArrayClass<AbstractMesh>(
                    this.___guid,
                    "surroundingMeshes",
                    (entity) =>
                    {
                        return new AbstractMesh() { ___guid = entity.___guid };
                    }
                );
            }
            set
            {

                EventHorizonBlazorInterop.Set(
                    this.___guid,
                    "surroundingMeshes",
                    value
                );
            }
        }
        #endregion

        #region Properties

        #endregion
        
        #region Constructor
        public ExampleClass() : base() { }

        public ExampleClass(
            ICachedEntity entity
        ) : base(entity)
        {
            ___guid = entity.___guid;
        }


        #endregion

        #region Methods

        #endregion
    }
}