/// Generated - Do Not Edit
namespace Accessors.Scenarios
{
    using System;
    using System.Collections.Generic;
    using System.Text.Json.Serialization;
    using System.Threading.Tasks;
    using EventHorizon.Blazor.Interop;
    using EventHorizon.Blazor.Interop.Callbacks;
    using EventHorizon.Blazor.Interop.ResultCallbacks;
    using Microsoft.JSInterop;

    
    
    [JsonConverter(typeof(CachedEntityConverter<ExampleClass>))]
    public class ExampleClass : CachedEntityObject
    {
        #region Static Accessors

        #endregion

        #region Static Properties

        #endregion

        #region Static Methods

        #endregion

        #region Accessors
        private AbstractMesh __namespacedTyping;
        public AbstractMesh namespacedTyping
        {
            get
            {
            if(__namespacedTyping == null)
            {
                __namespacedTyping = EventHorizonBlazorInterop.GetClass<AbstractMesh>(
                    this.___guid,
                    "namespacedTyping",
                    (entity) =>
                    {
                        return new AbstractMesh() { ___guid = entity.___guid };
                    }
                );
            }
            return __namespacedTyping;
            }
        }

        private AbstractMesh __notNamespacedTyping;
        public AbstractMesh notNamespacedTyping
        {
            get
            {
            if(__notNamespacedTyping == null)
            {
                __notNamespacedTyping = EventHorizonBlazorInterop.GetClass<AbstractMesh>(
                    this.___guid,
                    "notNamespacedTyping",
                    (entity) =>
                    {
                        return new AbstractMesh() { ___guid = entity.___guid };
                    }
                );
            }
            return __notNamespacedTyping;
            }
        }
        #endregion

        #region Properties

        #endregion
        
        #region Constructor
        public ExampleClass() : base() { }

        public ExampleClass(
            ICachedEntity entity
        ) : base(entity)
        {
            ___guid = entity.___guid;
        }


        #endregion

        #region Methods

        #endregion
    }
}