/// Generated - Do Not Edit
namespace Static
{
    using System;
    using System.Collections.Generic;
    using System.Text.Json.Serialization;
    using System.Threading.Tasks;
    using EventHorizon.Blazor.Interop;
    using EventHorizon.Blazor.Interop.Callbacks;
    using EventHorizon.Blazor.Interop.ResultCallbacks;
    using Microsoft.JSInterop;

    
    
    [JsonConverter(typeof(CachedEntityConverter<ExampleClass>))]
    public class ExampleClass : CachedEntityObject
    {
        #region Static Accessors
        private static IInterfaceResponseTypeCachedEntity __InterfaceResponseType;
        public static IInterfaceResponseTypeCachedEntity InterfaceResponseType
        {
            get
            {
            if(__InterfaceResponseType == null)
            {
                __InterfaceResponseType = EventHorizonBlazorInterop.GetClass<IInterfaceResponseTypeCachedEntity>(
                    "Static",
                    "ExampleClass.InterfaceResponseType",
                    (entity) =>
                    {
                        return new IInterfaceResponseTypeCachedEntity() { ___guid = entity.___guid };
                    }
                );
            }
            return __InterfaceResponseType;
            }
        }
        #endregion

        #region Static Properties

        #endregion

        #region Static Methods

        #endregion

        #region Accessors

        #endregion

        #region Properties

        #endregion
        
        #region Constructor
        public ExampleClass() : base() { }

        public ExampleClass(
            ICachedEntity entity
        ) : base(entity)
        {
            ___guid = entity.___guid;
        }


        #endregion

        #region Methods

        #endregion
    }
}