/// Generated - Do Not Edit
namespace Examples
{
    using System;
    using System.Collections.Generic;
    using System.Text.Json.Serialization;
    using System.Threading.Tasks;
    using EventHorizon.Blazor.Interop;
    using EventHorizon.Blazor.Interop.Callbacks;
    using EventHorizon.Blazor.Interop.ResultCallbacks;
    using Microsoft.JSInterop;

    
    
    [JsonConverter(typeof(CachedEntityConverter<ExampleClass>))]
    public class ExampleClass : CachedEntityObject
    {
        #region Static Accessors

        #endregion

        #region Static Properties
        private static OverrideVector4 __vectorStaticCheck;
        public static OverrideVector4 vectorStaticCheck
        {
            get
            {
            if(__vectorStaticCheck == null)
            {
                __vectorStaticCheck = EventHorizonBlazorInterop.GetClass<OverrideVector4>(
                    "Examples",
                    "ExampleClass.vectorStaticCheck",
                    (entity) =>
                    {
                        return new OverrideVector4() { ___guid = entity.___guid };
                    }
                );
            }
            return __vectorStaticCheck;
            }
            set
            {
__vectorStaticCheck = null;
                EventHorizonBlazorInterop.Set(
                    "Examples",
                    "ExampleClass.vectorStaticCheck",
                    value
                );
            }
        }

        
        public static int primativeStaticCheck
        {
            get
            {
            return EventHorizonBlazorInterop.Get<int>(
                    "Examples",
                    "ExampleClass.primativeStaticCheck"
                );
            }
        }
        #endregion

        #region Static Methods

        #endregion

        #region Accessors

        #endregion

        #region Properties
        private OverrideVector4 __vectorCheck;
        public OverrideVector4 vectorCheck
        {
            get
            {
            if(__vectorCheck == null)
            {
                __vectorCheck = EventHorizonBlazorInterop.GetClass<OverrideVector4>(
                    this.___guid,
                    "vectorCheck",
                    (entity) =>
                    {
                        return new OverrideVector4() { ___guid = entity.___guid };
                    }
                );
            }
            return __vectorCheck;
            }
            set
            {
__vectorCheck = null;
                EventHorizonBlazorInterop.Set(
                    this.___guid,
                    "vectorCheck",
                    value
                );
            }
        }

        
        public int primativeCheck
        {
            get
            {
            return EventHorizonBlazorInterop.Get<int>(
                    this.___guid,
                    "primativeCheck"
                );
            }
            set
            {

                EventHorizonBlazorInterop.Set(
                    this.___guid,
                    "primativeCheck",
                    value
                );
            }
        }
        #endregion
        
        #region Constructor
        public ExampleClass() : base() { }

        public ExampleClass(
            ICachedEntity entity
        ) : base(entity)
        {
            ___guid = entity.___guid;
        }


        #endregion

        #region Methods

        #endregion
    }
}