/// Generated - Do Not Edit
namespace Static.Class
{
    using System;
    using System.Collections.Generic;
    using System.Text.Json.Serialization;
    using System.Threading.Tasks;
    using EventHorizon.Blazor.Interop;
    using EventHorizon.Blazor.Interop.Callbacks;
    using EventHorizon.Blazor.Interop.ResultCallbacks;
    using Microsoft.JSInterop;

    
    
    [JsonConverter(typeof(CachedEntityConverter<ExampleClass>))]
    public class ExampleClass : CachedEntityObject
    {
        #region Static Accessors

        #endregion

        #region Static Properties

        #endregion

        #region Static Methods
        public static Vector3 FromArray(decimal[] array, System.Nullable<decimal> offset = null)
        {
            return EventHorizonBlazorInterop.FuncClass<Vector3>(
                entity => new Vector3() { ___guid = entity.___guid },
                new object[]
                {
                    new string[] { "Static", "Class", "ExampleClass", "FromArray" }, array, offset
                }
            );
        }
        #endregion

        #region Accessors

        #endregion

        #region Properties

        #endregion
        
        #region Constructor
        public ExampleClass() : base() { }

        public ExampleClass(
            ICachedEntity entity
        ) : base(entity)
        {
            ___guid = entity.___guid;
        }


        #endregion

        #region Methods

        #endregion
    }
}