/// Generated - Do Not Edit
namespace Examples
{
    using System;
    using System.Collections.Generic;
    using System.Text.Json.Serialization;
    using System.Threading.Tasks;
    using EventHorizon.Blazor.Interop;
    using EventHorizon.Blazor.Interop.Callbacks;
    using EventHorizon.Blazor.Interop.ResultCallbacks;
    using Microsoft.JSInterop;

    
    
    [JsonConverter(typeof(CachedEntityConverter<ExampleClass>))]
    public class ExampleClass : CachedEntityObject
    {
        #region Static Accessors

        #endregion

        #region Static Properties

        #endregion

        #region Static Methods
        public static Ray CreateNewFromTo(Vector3 origin, Vector3 end, Matrix world = null)
        {
            return EventHorizonBlazorInterop.FuncClass<Ray>(
                entity => new Ray() { ___guid = entity.___guid },
                new object[]
                {
                    new string[] { "Examples", "ExampleClass", "CreateNewFromTo" }, origin, end, world
                }
            );
        }
        #endregion

        #region Accessors

        #endregion

        #region Properties

        #endregion
        
        #region Constructor
        public ExampleClass() : base() { }

        public ExampleClass(
            ICachedEntity entity
        ) : base(entity)
        {
            ___guid = entity.___guid;
        }


        #endregion

        #region Methods

        #endregion
    }
}