/// Generated - Do Not Edit
namespace Static.Method.Argument
{
    using System;
    using System.Collections.Generic;
    using System.Text.Json.Serialization;
    using System.Threading.Tasks;
    using EventHorizon.Blazor.Interop;
    using EventHorizon.Blazor.Interop.Callbacks;
    using EventHorizon.Blazor.Interop.ResultCallbacks;
    using Microsoft.JSInterop;

    
    
    [JsonConverter(typeof(CachedEntityConverter<ExampleClass>))]
    public class ExampleClass : CachedEntityObject
    {
        #region Static Accessors

        #endregion

        #region Static Properties

        #endregion

        #region Static Methods
        public static bool undefinedArgument(System.Nullable<decimal> arg1 = null)
        {
            return EventHorizonBlazorInterop.Func<bool>(
                new object[]
                {
                    new string[] { "Static", "Method", "Argument", "ExampleClass", "undefinedArgument" }, arg1
                }
            );
        }

        public static bool nullableArgument(System.Nullable<decimal> arg1 = null)
        {
            return EventHorizonBlazorInterop.Func<bool>(
                new object[]
                {
                    new string[] { "Static", "Method", "Argument", "ExampleClass", "nullableArgument" }, arg1
                }
            );
        }
        #endregion

        #region Accessors

        #endregion

        #region Properties

        #endregion
        
        #region Constructor
        public ExampleClass() : base() { }

        public ExampleClass(
            ICachedEntity entity
        ) : base(entity)
        {
            ___guid = entity.___guid;
        }


        #endregion

        #region Methods

        #endregion
    }
}