/// Generated - Do Not Edit
namespace Static.Class
{
    using System;
    using System.Collections.Generic;
    using System.Text.Json.Serialization;
    using System.Threading.Tasks;
    using EventHorizon.Blazor.Interop;
    using EventHorizon.Blazor.Interop.Callbacks;
    using EventHorizon.Blazor.Interop.ResultCallbacks;
    using Microsoft.JSInterop;

    
    
    [JsonConverter(typeof(CachedEntityConverter<ExampleClass>))]
    public class ExampleClass : CachedEntityObject
    {
        #region Static Accessors

        #endregion

        #region Static Properties

        #endregion

        #region Static Methods
        public static CachedEntity ObjectLiteralFirstUnionResult()
        {
            return EventHorizonBlazorInterop.Func<CachedEntity>(
                new object[]
                {
                    new string[] { "Static", "Class", "ExampleClass", "ObjectLiteralFirstUnionResult" }
                }
            );
        }

        public static string ObjectLiteralLastUnionResult()
        {
            return EventHorizonBlazorInterop.Func<string>(
                new object[]
                {
                    new string[] { "Static", "Class", "ExampleClass", "ObjectLiteralLastUnionResult" }
                }
            );
        }
        #endregion

        #region Accessors

        #endregion

        #region Properties

        #endregion
        
        #region Constructor
        public ExampleClass() : base() { }

        public ExampleClass(
            ICachedEntity entity
        ) : base(entity)
        {
            ___guid = entity.___guid;
        }


        #endregion

        #region Methods
        public CachedEntity getVertexBuffers()
        {
            return EventHorizonBlazorInterop.Func<CachedEntity>(
                new object[]
                {
                    new string[] { this.___guid, "getVertexBuffers" }
                }
            );
        }
        #endregion
    }
}