/// Generated - Do Not Edit
namespace Examples
{
    using System;
    using System.Collections.Generic;
    using System.Text.Json.Serialization;
    using System.Threading.Tasks;
    using EventHorizon.Blazor.Interop;
    using EventHorizon.Blazor.Interop.Callbacks;
    using EventHorizon.Blazor.Interop.ResultCallbacks;
    using Microsoft.JSInterop;

    
    
    [JsonConverter(typeof(CachedEntityConverter<ExampleClass>))]
    public class ExampleClass : CachedEntityObject
    {
        #region Static Accessors

        #endregion

        #region Static Properties

        #endregion

        #region Static Methods

        #endregion

        #region Accessors

        #endregion

        #region Properties
        private Observable<PointerInfo> __onPointerObservable;
        public Observable<PointerInfo> onPointerObservable
        {
            get
            {
            if(__onPointerObservable == null)
            {
                __onPointerObservable = EventHorizonBlazorInterop.GetClass<Observable<PointerInfo>>(
                    this.___guid,
                    "onPointerObservable",
                    (entity) =>
                    {
                        return new Observable<PointerInfo>() { ___guid = entity.___guid };
                    }
                );
            }
            return __onPointerObservable;
            }
            set
            {
__onPointerObservable = null;
                EventHorizonBlazorInterop.Set(
                    this.___guid,
                    "onPointerObservable",
                    value
                );
            }
        }
        #endregion
        
        #region Constructor
        public ExampleClass() : base() { }

        public ExampleClass(
            ICachedEntity entity
        ) : base(entity)
        {
            ___guid = entity.___guid;
        }


        #endregion

        #region Methods

        #endregion
    }
}