/// Generated - Do Not Edit
namespace Static.Primitive
{
    using System;
    using System.Collections.Generic;
    using System.Text.Json.Serialization;
    using System.Threading.Tasks;
    using EventHorizon.Blazor.Interop;
    using EventHorizon.Blazor.Interop.Callbacks;
    using EventHorizon.Blazor.Interop.ResultCallbacks;
    using Microsoft.JSInterop;

    
    
    [JsonConverter(typeof(CachedEntityConverter<ExampleClass>))]
    public class ExampleClass : CachedEntityObject
    {
        #region Static Accessors

        #endregion

        #region Static Properties

        #endregion

        #region Static Methods

        #endregion

        #region Accessors
        private Vector3 __Up;
        public Vector3 Up
        {
            get
            {
            if(__Up == null)
            {
                __Up = EventHorizonBlazorInterop.GetClass<Vector3>(
                    this.___guid,
                    "Up",
                    (entity) =>
                    {
                        return new Vector3() { ___guid = entity.___guid };
                    }
                );
            }
            return __Up;
            }
        }
        #endregion

        #region Properties

        #endregion
        
        #region Constructor
        public ExampleClass() : base() { }

        public ExampleClass(
            ICachedEntity entity
        ) : base(entity)
        {
            ___guid = entity.___guid;
        }


        #endregion

        #region Methods

        #endregion
    }
}