/// Generated - Do Not Edit
namespace Examples
{
    using System;
    using System.Collections.Generic;
    using System.Text.Json.Serialization;
    using System.Threading.Tasks;
    using EventHorizon.Blazor.Interop;
    using EventHorizon.Blazor.Interop.Callbacks;
    using EventHorizon.Blazor.Interop.ResultCallbacks;
    using Microsoft.JSInterop;

    
    
    [JsonConverter(typeof(CachedEntityConverter<ExampleClass>))]
    public class ExampleClass : CachedEntityObject
    {
        #region Static Accessors

        #endregion

        #region Static Properties

        #endregion

        #region Static Methods

        #endregion

        #region Accessors

        #endregion

        #region Properties

        #endregion
        
        #region Constructor
        public ExampleClass() : base() { }

        public ExampleClass(
            ICachedEntity entity
        ) : base(entity)
        {
            ___guid = entity.___guid;
        }


        #endregion

        #region Methods
        public PickingInfo nullablePredicate(decimal x, decimal y, ActionResultCallback<Vector3, Vector3, Vector3, Ray, bool> predicate = null)
        {
            return EventHorizonBlazorInterop.FuncClass<PickingInfo>(
                entity => new PickingInfo() { ___guid = entity.___guid },
                new object[]
                {
                    new string[] { this.___guid, "nullablePredicate" }, x, y, predicate
                }
            );
        }
        #endregion
    }
}